../Core/Src/main.c:26:6:delay	2
../Core/Src/main.c:35:6:stepper_set_rpm	3
../Core/Src/main.c:47:6:stepper_half_drive	9
../Core/Src/main.c:101:6:stepper_step_angle	6
../Core/Src/main.c:131:6:stop_stepMotor	1
../Core/Src/main.c:138:6:read_buffer	20
../Core/Src/main.c:227:5:main	2
../Core/Src/main.c:261:6:SystemClock_Config	3
../Core/Src/main.c:300:13:MX_USART2_UART_Init	2
../Core/Src/main.c:320:13:MX_GPIO_Init	1
../Core/Src/main.c:360:13:MX_TIM2_Init	4
../Core/Src/main.c:394:6:HAL_UART_RxCpltCallback	2
../Core/Src/main.c:407:6:HAL_TIM_PeriodElapsedCallback	1
../Core/Src/main.c:413:6:Error_Handler	1
