../Core/Src/main.c:26:6:delay	16	static
../Core/Src/main.c:35:6:stepper_set_rpm	16	static
../Core/Src/main.c:47:6:stepper_half_drive	16	static
../Core/Src/main.c:101:6:stepper_step_angle	48	static
../Core/Src/main.c:131:6:stop_stepMotor	8	static
../Core/Src/main.c:138:6:read_buffer	8	static
../Core/Src/main.c:227:5:main	8	static
../Core/Src/main.c:261:6:SystemClock_Config	88	static
../Core/Src/main.c:300:13:MX_USART2_UART_Init	8	static
../Core/Src/main.c:320:13:MX_GPIO_Init	64	static
../Core/Src/main.c:360:13:MX_TIM2_Init	32	static
../Core/Src/main.c:394:6:HAL_UART_RxCpltCallback	16	static
../Core/Src/main.c:407:6:HAL_TIM_PeriodElapsedCallback	16	static
../Core/Src/main.c:413:6:Error_Handler	4	static,ignoring_inline_asm
