../Core/Src/stm32f4xx_it.c:6:6:NMI_Handler	4	static
../Core/Src/stm32f4xx_it.c:15:6:HardFault_Handler	4	static
../Core/Src/stm32f4xx_it.c:22:6:MemManage_Handler	4	static
../Core/Src/stm32f4xx_it.c:31:6:BusFault_Handler	4	static
../Core/Src/stm32f4xx_it.c:41:6:UsageFault_Handler	4	static
../Core/Src/stm32f4xx_it.c:50:6:SVC_Handler	4	static
../Core/Src/stm32f4xx_it.c:56:6:DebugMon_Handler	4	static
../Core/Src/stm32f4xx_it.c:62:6:PendSV_Handler	4	static
../Core/Src/stm32f4xx_it.c:68:6:SysTick_Handler	8	static
../Core/Src/stm32f4xx_it.c:75:6:USART2_IRQHandler	8	static
